// Jest Snapshot v1, https://goo.gl/fbAQLP

exports[`Lyrics component renders Lyrics 1`] = `
<li
  key="idstring"
>
  <Link
    to="/song/idstring"
  >
    Fitter Happier
     (
    12345
    )
  </Link>
</li>
`;
