// Jest Snapshot v1, https://goo.gl/fbAQLP

exports[`App component renders App 1`] = `
<Fragment>
  <BrowserRouter>
    <Header />
    <Switch>
      <Route
        component={[Function]}
        exact={true}
        path="/song/:song"
      />
      <Route
        component={[Function]}
        exact={true}
        path="/release/:release"
      />
      <Route
        component={[Function]}
        exact={true}
        path="/artist/:artist"
      />
      <Route
        component={[Function]}
        exact={true}
        path="/"
      />
    </Switch>
  </BrowserRouter>
</Fragment>
`;
